JobId=1636894 JobName=sc_train
   UserId=gwb204(5061) GroupId=geiger(4009) MCS_label=N/A
   Priority=38983 Nice=0 Account=geiger QOS=normal
   JobState=RUNNING Reason=None Dependency=(null)
   Requeue=1 Restarts=0 BatchFlag=1 Reboot=0 ExitCode=0:0
   RunTime=00:00:00 TimeLimit=1-00:00:00 TimeMin=N/A
   SubmitTime=2025-08-01T16:53:53 EligibleTime=2025-08-01T16:53:53
   AccrueTime=2025-08-01T16:53:54
   StartTime=2025-08-01T16:59:31 EndTime=2025-08-02T16:59:31 Deadline=N/A
   PreemptEligibleTime=2025-08-01T17:00:31 PreemptTime=None
   SuspendTime=None SecsPreSuspend=0 LastSchedEval=2025-08-01T16:59:31 Scheduler=Main
   Partition=a100-galvani AllocNode:Sid=galvani-slurmctl:3835732
   ReqNodeList=(null) ExcNodeList=(null)
   NodeList=galvani-cn[220-221]
   BatchHost=galvani-cn220
   NumNodes=2 NumCPUs=16 NumTasks=2 CPUs/Task=8 ReqB:S:C:T=0:0:*:*
   ReqTRES=cpu=16,mem=100G,node=2,billing=22,gres/gpu=16
   AllocTRES=cpu=16,mem=100G,node=2,billing=22,gres/gpu=16,gres/gpu:a100=16
   Socks/Node=* NtasksPerN:B:S:C=0:0:*:* CoreSpec=*
   MinCPUsNode=8 MinMemoryNode=50G MinTmpDiskNode=0
   Features=(null) DelayBoot=00:00:00
   OverSubscribe=OK Contiguous=0 Licenses=(null) Network=(null)
   Command=/mnt/lustre/home/geiger/gwb204/Literature-Search-with-Active-Disambiguation/src/scholarcopilot_train/src/start_train2.sbatch
   WorkDir=/mnt/lustre/home/geiger/gwb204/Literature-Search-with-Active-Disambiguation/src/scholarcopilot_train/src
   StdErr=/mnt/lustre/home/geiger/gwb204/Literature-Search-with-Active-Disambiguation/src/scholarcopilot_train/src/../../galvani-log/log-a100-start_train2.err
   StdIn=/dev/null
   StdOut=/mnt/lustre/home/geiger/gwb204/Literature-Search-with-Active-Disambiguation/src/scholarcopilot_train/src/../../galvani-log/log-a100-start_train2.out
   Power=
   TresPerNode=gres:gpu:8
   MailUser=niklas.munkes@student.uni-tuebingen.de MailType=INVALID_DEPEND,BEGIN,END,FAIL,REQUEUE,STAGE_OUT
   

/home/geiger/gwb204/Literature-Search-with-Active-Disambiguation/src/scholarcopilot_train/src
Fri Aug  1 16:59:31 2025       
+---------------------------------------------------------------------------------------+
| NVIDIA-SMI 535.104.12             Driver Version: 535.104.12   CUDA Version: 12.2     |
|-----------------------------------------+----------------------+----------------------+
| GPU  Name                 Persistence-M | Bus-Id        Disp.A | Volatile Uncorr. ECC |
| Fan  Temp   Perf          Pwr:Usage/Cap |         Memory-Usage | GPU-Util  Compute M. |
|                                         |                      |               MIG M. |
|=========================================+======================+======================|
|   0  NVIDIA A100-PCIE-40GB          On  | 00000000:01:00.0 Off |                    0 |
| N/A   39C    P0              45W / 250W |      4MiB / 40960MiB |      0%      Default |
|                                         |                      |             Disabled |
+-----------------------------------------+----------------------+----------------------+
|   1  NVIDIA A100-PCIE-40GB          On  | 00000000:25:00.0 Off |                    0 |
| N/A   39C    P0              43W / 250W |      4MiB / 40960MiB |      0%      Default |
|                                         |                      |             Disabled |
+-----------------------------------------+----------------------+----------------------+
|   2  NVIDIA A100-PCIE-40GB          On  | 00000000:41:00.0 Off |                    0 |
| N/A   38C    P0              46W / 250W |      4MiB / 40960MiB |      0%      Default |
|                                         |                      |             Disabled |
+-----------------------------------------+----------------------+----------------------+
|   3  NVIDIA A100-PCIE-40GB          On  | 00000000:61:00.0 Off |                    0 |
| N/A   36C    P0              43W / 250W |      4MiB / 40960MiB |      0%      Default |
|                                         |                      |             Disabled |
+-----------------------------------------+----------------------+----------------------+
|   4  NVIDIA A100-PCIE-40GB          On  | 00000000:81:00.0 Off |                    0 |
| N/A   35C    P0              42W / 250W |      4MiB / 40960MiB |      0%      Default |
|                                         |                      |             Disabled |
+-----------------------------------------+----------------------+----------------------+
|   5  NVIDIA A100-PCIE-40GB          On  | 00000000:A1:00.0 Off |                    0 |
| N/A   36C    P0              49W / 250W |      4MiB / 40960MiB |      0%      Default |
|                                         |                      |             Disabled |
+-----------------------------------------+----------------------+----------------------+
|   6  NVIDIA A100-PCIE-40GB          On  | 00000000:C1:00.0 Off |                    0 |
| N/A   35C    P0              43W / 250W |      4MiB / 40960MiB |      0%      Default |
|                                         |                      |             Disabled |
+-----------------------------------------+----------------------+----------------------+
|   7  NVIDIA A100-PCIE-40GB          On  | 00000000:E1:00.0 Off |                    0 |
| N/A   36C    P0              49W / 250W |      4MiB / 40960MiB |      0%      Default |
|                                         |                      |             Disabled |
+-----------------------------------------+----------------------+----------------------+
                                                                                         
+---------------------------------------------------------------------------------------+
| Processes:                                                                            |
|  GPU   GI   CI        PID   Type   Process name                            GPU Memory |
|        ID   ID                                                             Usage      |
|=======================================================================================|
|  No running processes found                                                           |
+---------------------------------------------------------------------------------------+
     JOBID  PARTITION       USER ST       TIME  NODES CPUS REQ_NODES
   1630616 a100-galva     gwb204 CG       0:00      1 64 
   1636894 a100-galva     gwb204  R       0:03      2 16 
   1636893 a100-galva     gwb204  R       6:32      2 16 
